---
source: src/mermaid/ascii/xychart/render.rs
assertion_line: 380
expression: render_src(src)
---
4│                                                 █
 │                                                 █
 │                                                 █
 │                                   █             █
 │                                   █             █
 │                                   █             █
2│                     █             █             █
 │                     █             █             █
 │                     █             █             █
 │       █             █             █             █
 │       █             █             █             █
0│       █             █             █             █
 └────────────────────────────────────────────────────────
         a             b             c             d
