---
source: src/mermaid/ascii/xychart/render.rs
assertion_line: 392
expression: render_src(src)
---
  5│                                                 ●
   │                                               ──█
   │                     ●──                     ──  █
   │                 ────█  ───                ──    █
   │            ─────    █     ───           ──      █
   │       ●────         █        ───      ──        █
2.5│       █             █           ──  ──          █
   │       █             █             ●─            █
   │       █             █             █             █
   │       █             █             █             █
   │       █             █             █             █
  0│       █             █             █             █
   └────────────────────────────────────────────────────────
           a             b             c             d
