---
source: src/mermaid/ascii/gantt/render.rs
expression: render(src)
---
       Day 0                                    5                                         10
       ├─────────────────┼─────────────────┼─────────────────┼─────────────────┼─────────────────┼─┤
Alpha
  A1  [█████████████████████████░░░░░░░░░░░░░░░░░░░░░░░░░░░░░░░░░░░░░░░░░░░░░░░░░░░░░░░░░░░░░░░░░░░]
Beta
  B1  [░░░░░░░░░░░░░░░░░░░░░░░░░░░░░░░░░█████████████████████████████████░░░░░░░░░░░░░░░░░░░░░░░░░░]
  B2  [░░░░░░░░░░░░░░░░░░░░░░░░░░░░░░░░░░░░░░░░░░░░░░░░░░░░░░░░░░░░░░░░░░░░░░░░░░░█████████████████]
