---
source: src/mermaid/ascii/packet/render.rs
expression: render_str(src)
---
bits  0               8              16              24            31
     ┌───────────────┬───────────────────────────────────────────────┐
0-31 │     Type      │                                               │
     └───────────────┴───────────────────────────────────────────────┘
