---
source: src/mermaid/ascii/state/render.rs
assertion_line: 598
expression: "render(\"stateDiagram-v2\\nstate Outer {\\n  [*] --> Inner\\n  Inner --> [*]\\n}\")"
---
╭─Outer─────╮
├───────────┤
│     ●     │
│     │     │
│           │
│     ▼     │
│ ╭───────╮ │
│ │ Inner │ │
│ ╰───────╯ │
│     │     │
│           │
│     ▼     │
│     ◉     │
╰───────────╯
