---
source: src/mermaid/ascii/quadrant/render.rs
expression: render(src)
---
                       Reach and engagement of campaigns

                                               │
                                               │
                                               │
                                               │
                                               │
                                               │
                                               │
                                               │
                                               │
                ───────────────────────────────┼──────────────────────────────
                                               │
                                               │
                                               │
                                               │
                                               │
                                               │
                                               │
                                               │
