---
source: src/mermaid/ascii/class/render.rs
assertion_line: 503
expression: "render_s(\"classDiagram\\nclass Foo {\\n  +String name\\n  +greet()\\n}\")"
---



      ┌──────────────┐
      │     Foo      │
      ├──────────────┤
      │ +String name │
      ├──────────────┤
      │ +greet()     │
      └──────────────┘
