---
source: src/mermaid/ascii/architecture/render.rs
assertion_line: 467
expression: render_src(src)
---

 ┌──────── * API ──────────┐
 │                         │
 │ ┌────────┐  ┌─────────┐ │
 │ │ D DB   │  │S Server │ │
 │ │        │  │         │ │
 │ └────────┘  └─────────┘ │
 │                         │
 └─────────────────────────┘
