---
source: src/mermaid/ascii/sequence/render.rs
expression: out
---
┌───┐     ┌───┐     ┌───┐
│ A │     │ B │     │ C │
└─┬─┘     └─┬─┘     └─┬─┘
┌─ par: work ─────────┬─┐
  │ x       │         │
  ├────────►│         │
├─ else: more ────────┼─┤
  │         │ y       │
  │         ├────────►│
└─┴─────────┴─────────┴─┘
  │         │         │
